Analysis & Synthesis report for CEG3155Project
Sat Nov 02 18:44:52 2024
Quartus II 64-Bit Version 13.1.0 Build 162 10/23/2013 SJ Web Edition


---------------------
; Table of Contents ;
---------------------
  1. Legal Notice
  2. Analysis & Synthesis Summary
  3. Analysis & Synthesis Settings
  4. Parallel Compilation
  5. Analysis & Synthesis Source Files Read
  6. Analysis & Synthesis Resource Usage Summary
  7. Analysis & Synthesis Resource Utilization by Entity
  8. Logic Cells Representing Combinational Loops
  9. General Register Statistics
 10. Port Connectivity Checks: "trafficLighttopLevel:trafficLighttopLevel_inst|d_FF:d_FF_SSTL_Low"
 11. Port Connectivity Checks: "trafficLighttopLevel:trafficLighttopLevel_inst|d_FF:d_FF_SSTL_High"
 12. Port Connectivity Checks: "trafficLighttopLevel:trafficLighttopLevel_inst|d_FF:d_FF_MSTL_Low"
 13. Port Connectivity Checks: "trafficLighttopLevel:trafficLighttopLevel_inst|d_FF:d_FF_MSTL_High"
 14. Port Connectivity Checks: "trafficLighttopLevel:trafficLighttopLevel_inst|equality_Comparator_4bit:equality_Comparator_4bit_SSTT_SST"
 15. Port Connectivity Checks: "trafficLighttopLevel:trafficLighttopLevel_inst|counter_4bit:counter_4bit_SST"
 16. Port Connectivity Checks: "trafficLighttopLevel:trafficLighttopLevel_inst|counter_4bit:counter_4bit_SSLTimer"
 17. Port Connectivity Checks: "trafficLighttopLevel:trafficLighttopLevel_inst|equality_Comparator_4bit:equality_Comparator_4bit_MTTTT_MT"
 18. Port Connectivity Checks: "trafficLighttopLevel:trafficLighttopLevel_inst|counter_4bit:counter_4bit_MTT"
 19. Port Connectivity Checks: "trafficLighttopLevel:trafficLighttopLevel_inst|equality_Comparator_4bit:equality_Comparator_4bit_MSLT_MSC"
 20. Port Connectivity Checks: "trafficLighttopLevel:trafficLighttopLevel_inst|counter_4bit:counter_4bit_MSLTimer|d_FF:FF3"
 21. Port Connectivity Checks: "trafficLighttopLevel:trafficLighttopLevel_inst|counter_4bit:counter_4bit_MSLTimer|d_FF:FF2"
 22. Port Connectivity Checks: "trafficLighttopLevel:trafficLighttopLevel_inst|counter_4bit:counter_4bit_MSLTimer|d_FF:FF1"
 23. Port Connectivity Checks: "trafficLighttopLevel:trafficLighttopLevel_inst|counter_4bit:counter_4bit_MSLTimer|d_FF:FF0"
 24. Port Connectivity Checks: "trafficLighttopLevel:trafficLighttopLevel_inst|counter_4bit:counter_4bit_MSLTimer"
 25. Port Connectivity Checks: "trafficLighttopLevel:trafficLighttopLevel_inst"
 26. Port Connectivity Checks: "clk_div:clk_div_inst"
 27. Port Connectivity Checks: "debouncer:debouncer_SCSS|d_FF:second"
 28. Port Connectivity Checks: "debouncer:debouncer_SCSS|d_FF:first|mux_2to1_1bit:mux_2to1_1bit_decide"
 29. Port Connectivity Checks: "debouncer:debouncer_SCSS|d_FF:first"
 30. Elapsed Time Per Partition
 31. Analysis & Synthesis Messages



----------------
; Legal Notice ;
----------------
Copyright (C) 1991-2013 Altera Corporation
Your use of Altera Corporation's design tools, logic functions 
and other software and tools, and its AMPP partner logic 
functions, and any output files from any of the foregoing 
(including device programming or simulation files), and any 
associated documentation or information are expressly subject 
to the terms and conditions of the Altera Program License 
Subscription Agreement, Altera MegaCore Function License 
Agreement, or other applicable license agreement, including, 
without limitation, that your use is for the sole purpose of 
programming logic devices manufactured by Altera and sold by 
Altera or its authorized distributors.  Please refer to the 
applicable agreement for further details.



+---------------------------------------------------------------------------------+
; Analysis & Synthesis Summary                                                    ;
+------------------------------------+--------------------------------------------+
; Analysis & Synthesis Status        ; Successful - Sat Nov 02 18:44:52 2024      ;
; Quartus II 64-Bit Version          ; 13.1.0 Build 162 10/23/2013 SJ Web Edition ;
; Revision Name                      ; CEG3155Project                             ;
; Top-level Entity Name              ; debuggableTrafficLightController           ;
; Family                             ; Cyclone IV E                               ;
; Total logic elements               ; 124                                        ;
;     Total combinational functions  ; 123                                        ;
;     Dedicated logic registers      ; 11                                         ;
; Total registers                    ; 11                                         ;
; Total pins                         ; 34                                         ;
; Total virtual pins                 ; 0                                          ;
; Total memory bits                  ; 0                                          ;
; Embedded Multiplier 9-bit elements ; 0                                          ;
; Total PLLs                         ; 0                                          ;
+------------------------------------+--------------------------------------------+


+------------------------------------------------------------------------------------------------------------------------------------+
; Analysis & Synthesis Settings                                                                                                      ;
+----------------------------------------------------------------------------+----------------------------------+--------------------+
; Option                                                                     ; Setting                          ; Default Value      ;
+----------------------------------------------------------------------------+----------------------------------+--------------------+
; Device                                                                     ; EP4CE115F29C7                    ;                    ;
; Top-level entity name                                                      ; debuggableTrafficLightController ; CEG3155Project     ;
; Family name                                                                ; Cyclone IV E                     ; Cyclone IV GX      ;
; Use smart compilation                                                      ; Off                              ; Off                ;
; Enable parallel Assembler and TimeQuest Timing Analyzer during compilation ; On                               ; On                 ;
; Enable compact report table                                                ; Off                              ; Off                ;
; Restructure Multiplexers                                                   ; Auto                             ; Auto               ;
; Create Debugging Nodes for IP Cores                                        ; Off                              ; Off                ;
; Preserve fewer node names                                                  ; On                               ; On                 ;
; Disable OpenCore Plus hardware evaluation                                  ; Off                              ; Off                ;
; Verilog Version                                                            ; Verilog_2001                     ; Verilog_2001       ;
; VHDL Version                                                               ; VHDL_1993                        ; VHDL_1993          ;
; State Machine Processing                                                   ; Auto                             ; Auto               ;
; Safe State Machine                                                         ; Off                              ; Off                ;
; Extract Verilog State Machines                                             ; On                               ; On                 ;
; Extract VHDL State Machines                                                ; On                               ; On                 ;
; Ignore Verilog initial constructs                                          ; Off                              ; Off                ;
; Iteration limit for constant Verilog loops                                 ; 5000                             ; 5000               ;
; Iteration limit for non-constant Verilog loops                             ; 250                              ; 250                ;
; Add Pass-Through Logic to Inferred RAMs                                    ; On                               ; On                 ;
; Infer RAMs from Raw Logic                                                  ; On                               ; On                 ;
; Parallel Synthesis                                                         ; On                               ; On                 ;
; DSP Block Balancing                                                        ; Auto                             ; Auto               ;
; NOT Gate Push-Back                                                         ; On                               ; On                 ;
; Power-Up Don't Care                                                        ; On                               ; On                 ;
; Remove Redundant Logic Cells                                               ; Off                              ; Off                ;
; Remove Duplicate Registers                                                 ; On                               ; On                 ;
; Ignore CARRY Buffers                                                       ; Off                              ; Off                ;
; Ignore CASCADE Buffers                                                     ; Off                              ; Off                ;
; Ignore GLOBAL Buffers                                                      ; Off                              ; Off                ;
; Ignore ROW GLOBAL Buffers                                                  ; Off                              ; Off                ;
; Ignore LCELL Buffers                                                       ; Off                              ; Off                ;
; Ignore SOFT Buffers                                                        ; On                               ; On                 ;
; Limit AHDL Integers to 32 Bits                                             ; Off                              ; Off                ;
; Optimization Technique                                                     ; Balanced                         ; Balanced           ;
; Carry Chain Length                                                         ; 70                               ; 70                 ;
; Auto Carry Chains                                                          ; On                               ; On                 ;
; Auto Open-Drain Pins                                                       ; On                               ; On                 ;
; Perform WYSIWYG Primitive Resynthesis                                      ; Off                              ; Off                ;
; Auto ROM Replacement                                                       ; On                               ; On                 ;
; Auto RAM Replacement                                                       ; On                               ; On                 ;
; Auto DSP Block Replacement                                                 ; On                               ; On                 ;
; Auto Shift Register Replacement                                            ; Auto                             ; Auto               ;
; Allow Shift Register Merging across Hierarchies                            ; Auto                             ; Auto               ;
; Auto Clock Enable Replacement                                              ; On                               ; On                 ;
; Strict RAM Replacement                                                     ; Off                              ; Off                ;
; Allow Synchronous Control Signals                                          ; On                               ; On                 ;
; Force Use of Synchronous Clear Signals                                     ; Off                              ; Off                ;
; Auto RAM Block Balancing                                                   ; On                               ; On                 ;
; Auto RAM to Logic Cell Conversion                                          ; Off                              ; Off                ;
; Auto Resource Sharing                                                      ; Off                              ; Off                ;
; Allow Any RAM Size For Recognition                                         ; Off                              ; Off                ;
; Allow Any ROM Size For Recognition                                         ; Off                              ; Off                ;
; Allow Any Shift Register Size For Recognition                              ; Off                              ; Off                ;
; Use LogicLock Constraints during Resource Balancing                        ; On                               ; On                 ;
; Ignore translate_off and synthesis_off directives                          ; Off                              ; Off                ;
; Timing-Driven Synthesis                                                    ; On                               ; On                 ;
; Report Parameter Settings                                                  ; On                               ; On                 ;
; Report Source Assignments                                                  ; On                               ; On                 ;
; Report Connectivity Checks                                                 ; On                               ; On                 ;
; Ignore Maximum Fan-Out Assignments                                         ; Off                              ; Off                ;
; Synchronization Register Chain Length                                      ; 2                                ; 2                  ;
; PowerPlay Power Optimization                                               ; Normal compilation               ; Normal compilation ;
; HDL message level                                                          ; Level2                           ; Level2             ;
; Suppress Register Optimization Related Messages                            ; Off                              ; Off                ;
; Number of Removed Registers Reported in Synthesis Report                   ; 5000                             ; 5000               ;
; Number of Swept Nodes Reported in Synthesis Report                         ; 5000                             ; 5000               ;
; Number of Inverted Registers Reported in Synthesis Report                  ; 100                              ; 100                ;
; Clock MUX Protection                                                       ; On                               ; On                 ;
; Auto Gated Clock Conversion                                                ; Off                              ; Off                ;
; Block Design Naming                                                        ; Auto                             ; Auto               ;
; SDC constraint protection                                                  ; Off                              ; Off                ;
; Synthesis Effort                                                           ; Auto                             ; Auto               ;
; Shift Register Replacement - Allow Asynchronous Clear Signal               ; On                               ; On                 ;
; Pre-Mapping Resynthesis Optimization                                       ; Off                              ; Off                ;
; Analysis & Synthesis Message Level                                         ; Medium                           ; Medium             ;
; Disable Register Merging Across Hierarchies                                ; Auto                             ; Auto               ;
; Resource Aware Inference For Block RAM                                     ; On                               ; On                 ;
; Synthesis Seed                                                             ; 1                                ; 1                  ;
+----------------------------------------------------------------------------+----------------------------------+--------------------+


Parallel compilation was disabled, but you have multiple processors available. Enable parallel compilation to reduce compilation time.
+-------------------------------------+
; Parallel Compilation                ;
+----------------------------+--------+
; Processors                 ; Number ;
+----------------------------+--------+
; Number detected on machine ; 20     ;
; Maximum allowed            ; 1      ;
+----------------------------+--------+


+-------------------------------------------------------------------------------------------------------------------------------------------------------------------------+
; Analysis & Synthesis Source Files Read                                                                                                                                  ;
+--------------------------------------+-----------------+-----------------+------------------------------------------------------------------------------------+---------+
; File Name with User-Entered Path     ; Used in Netlist ; File Type       ; File Name with Absolute Path                                                       ; Library ;
+--------------------------------------+-----------------+-----------------+------------------------------------------------------------------------------------+---------+
; trafficLighttopLevel.vhd             ; yes             ; User VHDL File  ; C:/Users/sahil/Documents/repos/Ceg3155Project/trafficLighttopLevel.vhd             ;         ;
; mux_2to1_4bit.vhd                    ; yes             ; User VHDL File  ; C:/Users/sahil/Documents/repos/Ceg3155Project/mux_2to1_4bit.vhd                    ;         ;
; mux_2to1_1bit.vhd                    ; yes             ; User VHDL File  ; C:/Users/sahil/Documents/repos/Ceg3155Project/mux_2to1_1bit.vhd                    ;         ;
; equality_Comparator_4bit.vhd         ; yes             ; User VHDL File  ; C:/Users/sahil/Documents/repos/Ceg3155Project/equality_Comparator_4bit.vhd         ;         ;
; enabledsrlatch.vhd                   ; yes             ; User VHDL File  ; C:/Users/sahil/Documents/repos/Ceg3155Project/enabledsrlatch.vhd                   ;         ;
; d_FF.vhd                             ; yes             ; User VHDL File  ; C:/Users/sahil/Documents/repos/Ceg3155Project/d_FF.vhd                             ;         ;
; counter_4bit.vhd                     ; yes             ; User VHDL File  ; C:/Users/sahil/Documents/repos/Ceg3155Project/counter_4bit.vhd                     ;         ;
; BCD_to_7Segment.vhd                  ; yes             ; User VHDL File  ; C:/Users/sahil/Documents/repos/Ceg3155Project/BCD_to_7Segment.vhd                  ;         ;
; clk_div.vhd                          ; yes             ; User VHDL File  ; C:/Users/sahil/Documents/repos/Ceg3155Project/clk_div.vhd                          ;         ;
; debouncer.vhd                        ; yes             ; User VHDL File  ; C:/Users/sahil/Documents/repos/Ceg3155Project/debouncer.vhd                        ;         ;
; debuggableTrafficLightController.vhd ; yes             ; User VHDL File  ; C:/Users/sahil/Documents/repos/Ceg3155Project/debuggableTrafficLightController.vhd ;         ;
+--------------------------------------+-----------------+-----------------+------------------------------------------------------------------------------------+---------+


+----------------------------------------------------------------------------------------------------------------------------------------------------------------------------+
; Analysis & Synthesis Resource Usage Summary                                                                                                                                ;
+---------------------------------------------+------------------------------------------------------------------------------------------------------------------------------+
; Resource                                    ; Usage                                                                                                                        ;
+---------------------------------------------+------------------------------------------------------------------------------------------------------------------------------+
; Estimated Total logic elements              ; 124                                                                                                                          ;
;                                             ;                                                                                                                              ;
; Total combinational functions               ; 123                                                                                                                          ;
; Logic element usage by number of LUT inputs ;                                                                                                                              ;
;     -- 4 input functions                    ; 62                                                                                                                           ;
;     -- 3 input functions                    ; 48                                                                                                                           ;
;     -- <=2 input functions                  ; 13                                                                                                                           ;
;                                             ;                                                                                                                              ;
; Logic elements by mode                      ;                                                                                                                              ;
;     -- normal mode                          ; 119                                                                                                                          ;
;     -- arithmetic mode                      ; 4                                                                                                                            ;
;                                             ;                                                                                                                              ;
; Total registers                             ; 11                                                                                                                           ;
;     -- Dedicated logic registers            ; 11                                                                                                                           ;
;     -- I/O registers                        ; 0                                                                                                                            ;
;                                             ;                                                                                                                              ;
; I/O pins                                    ; 34                                                                                                                           ;
; Embedded Multiplier 9-bit elements          ; 0                                                                                                                            ;
; Maximum fan-out node                        ; trafficLighttopLevel:trafficLighttopLevel_inst|counter_4bit:counter_4bit_MSLTimer|d_FF:FF0|enabledSRLatch:slaveLatch|int_q~0 ;
; Maximum fan-out                             ; 39                                                                                                                           ;
; Total fan-out                               ; 487                                                                                                                          ;
; Average fan-out                             ; 2.41                                                                                                                         ;
+---------------------------------------------+------------------------------------------------------------------------------------------------------------------------------+


+---------------------------------------------------------------------------------------------------------------------------------------------------------------------------------------------------------------------------------------------------------------------------------------------------------------------------------------------------------+
; Analysis & Synthesis Resource Utilization by Entity                                                                                                                                                                                                                                                                                                     ;
+--------------------------------------------------------------------+-------------------+--------------+-------------+--------------+---------+-----------+------+--------------+---------------------------------------------------------------------------------------------------------------------------------------------------------+--------------+
; Compilation Hierarchy Node                                         ; LC Combinationals ; LC Registers ; Memory Bits ; DSP Elements ; DSP 9x9 ; DSP 18x18 ; Pins ; Virtual Pins ; Full Hierarchy Name                                                                                                                                     ; Library Name ;
+--------------------------------------------------------------------+-------------------+--------------+-------------+--------------+---------+-----------+------+--------------+---------------------------------------------------------------------------------------------------------------------------------------------------------+--------------+
; |debuggableTrafficLightController                                  ; 123 (0)           ; 11 (0)       ; 0           ; 0            ; 0       ; 0         ; 34   ; 0            ; |debuggableTrafficLightController                                                                                                                       ; work         ;
;    |clk_div:clk_div_inst|                                          ; 11 (11)           ; 11 (11)      ; 0           ; 0            ; 0       ; 0         ; 0    ; 0            ; |debuggableTrafficLightController|clk_div:clk_div_inst                                                                                                  ; work         ;
;    |debouncer:debouncer_sw20|                                      ; 6 (0)             ; 0 (0)        ; 0           ; 0            ; 0       ; 0         ; 0    ; 0            ; |debuggableTrafficLightController|debouncer:debouncer_sw20                                                                                              ; work         ;
;       |d_FF:first|                                                 ; 2 (0)             ; 0 (0)        ; 0           ; 0            ; 0       ; 0         ; 0    ; 0            ; |debuggableTrafficLightController|debouncer:debouncer_sw20|d_FF:first                                                                                   ; work         ;
;          |enabledSRLatch:masterLatch|                              ; 1 (1)             ; 0 (0)        ; 0           ; 0            ; 0       ; 0         ; 0    ; 0            ; |debuggableTrafficLightController|debouncer:debouncer_sw20|d_FF:first|enabledSRLatch:masterLatch                                                        ; work         ;
;          |enabledSRLatch:slaveLatch|                               ; 1 (1)             ; 0 (0)        ; 0           ; 0            ; 0       ; 0         ; 0    ; 0            ; |debuggableTrafficLightController|debouncer:debouncer_sw20|d_FF:first|enabledSRLatch:slaveLatch                                                         ; work         ;
;       |d_FF:second|                                                ; 4 (0)             ; 0 (0)        ; 0           ; 0            ; 0       ; 0         ; 0    ; 0            ; |debuggableTrafficLightController|debouncer:debouncer_sw20|d_FF:second                                                                                  ; work         ;
;          |enabledSRLatch:masterLatch|                              ; 3 (3)             ; 0 (0)        ; 0           ; 0            ; 0       ; 0         ; 0    ; 0            ; |debuggableTrafficLightController|debouncer:debouncer_sw20|d_FF:second|enabledSRLatch:masterLatch                                                       ; work         ;
;          |enabledSRLatch:slaveLatch|                               ; 1 (1)             ; 0 (0)        ; 0           ; 0            ; 0       ; 0         ; 0    ; 0            ; |debuggableTrafficLightController|debouncer:debouncer_sw20|d_FF:second|enabledSRLatch:slaveLatch                                                        ; work         ;
;    |debouncer:debouncer_sw21|                                      ; 8 (2)             ; 0 (0)        ; 0           ; 0            ; 0       ; 0         ; 0    ; 0            ; |debuggableTrafficLightController|debouncer:debouncer_sw21                                                                                              ; work         ;
;       |d_FF:first|                                                 ; 2 (0)             ; 0 (0)        ; 0           ; 0            ; 0       ; 0         ; 0    ; 0            ; |debuggableTrafficLightController|debouncer:debouncer_sw21|d_FF:first                                                                                   ; work         ;
;          |enabledSRLatch:masterLatch|                              ; 1 (1)             ; 0 (0)        ; 0           ; 0            ; 0       ; 0         ; 0    ; 0            ; |debuggableTrafficLightController|debouncer:debouncer_sw21|d_FF:first|enabledSRLatch:masterLatch                                                        ; work         ;
;          |enabledSRLatch:slaveLatch|                               ; 1 (1)             ; 0 (0)        ; 0           ; 0            ; 0       ; 0         ; 0    ; 0            ; |debuggableTrafficLightController|debouncer:debouncer_sw21|d_FF:first|enabledSRLatch:slaveLatch                                                         ; work         ;
;       |d_FF:second|                                                ; 4 (0)             ; 0 (0)        ; 0           ; 0            ; 0       ; 0         ; 0    ; 0            ; |debuggableTrafficLightController|debouncer:debouncer_sw21|d_FF:second                                                                                  ; work         ;
;          |enabledSRLatch:masterLatch|                              ; 3 (3)             ; 0 (0)        ; 0           ; 0            ; 0       ; 0         ; 0    ; 0            ; |debuggableTrafficLightController|debouncer:debouncer_sw21|d_FF:second|enabledSRLatch:masterLatch                                                       ; work         ;
;          |enabledSRLatch:slaveLatch|                               ; 1 (1)             ; 0 (0)        ; 0           ; 0            ; 0       ; 0         ; 0    ; 0            ; |debuggableTrafficLightController|debouncer:debouncer_sw21|d_FF:second|enabledSRLatch:slaveLatch                                                        ; work         ;
;    |debouncer:debouncer_sw22|                                      ; 8 (2)             ; 0 (0)        ; 0           ; 0            ; 0       ; 0         ; 0    ; 0            ; |debuggableTrafficLightController|debouncer:debouncer_sw22                                                                                              ; work         ;
;       |d_FF:first|                                                 ; 2 (0)             ; 0 (0)        ; 0           ; 0            ; 0       ; 0         ; 0    ; 0            ; |debuggableTrafficLightController|debouncer:debouncer_sw22|d_FF:first                                                                                   ; work         ;
;          |enabledSRLatch:masterLatch|                              ; 1 (1)             ; 0 (0)        ; 0           ; 0            ; 0       ; 0         ; 0    ; 0            ; |debuggableTrafficLightController|debouncer:debouncer_sw22|d_FF:first|enabledSRLatch:masterLatch                                                        ; work         ;
;          |enabledSRLatch:slaveLatch|                               ; 1 (1)             ; 0 (0)        ; 0           ; 0            ; 0       ; 0         ; 0    ; 0            ; |debuggableTrafficLightController|debouncer:debouncer_sw22|d_FF:first|enabledSRLatch:slaveLatch                                                         ; work         ;
;       |d_FF:second|                                                ; 4 (0)             ; 0 (0)        ; 0           ; 0            ; 0       ; 0         ; 0    ; 0            ; |debuggableTrafficLightController|debouncer:debouncer_sw22|d_FF:second                                                                                  ; work         ;
;          |enabledSRLatch:masterLatch|                              ; 3 (3)             ; 0 (0)        ; 0           ; 0            ; 0       ; 0         ; 0    ; 0            ; |debuggableTrafficLightController|debouncer:debouncer_sw22|d_FF:second|enabledSRLatch:masterLatch                                                       ; work         ;
;          |enabledSRLatch:slaveLatch|                               ; 1 (1)             ; 0 (0)        ; 0           ; 0            ; 0       ; 0         ; 0    ; 0            ; |debuggableTrafficLightController|debouncer:debouncer_sw22|d_FF:second|enabledSRLatch:slaveLatch                                                        ; work         ;
;    |debouncer:debouncer_sw23|                                      ; 7 (1)             ; 0 (0)        ; 0           ; 0            ; 0       ; 0         ; 0    ; 0            ; |debuggableTrafficLightController|debouncer:debouncer_sw23                                                                                              ; work         ;
;       |d_FF:first|                                                 ; 2 (0)             ; 0 (0)        ; 0           ; 0            ; 0       ; 0         ; 0    ; 0            ; |debuggableTrafficLightController|debouncer:debouncer_sw23|d_FF:first                                                                                   ; work         ;
;          |enabledSRLatch:masterLatch|                              ; 1 (1)             ; 0 (0)        ; 0           ; 0            ; 0       ; 0         ; 0    ; 0            ; |debuggableTrafficLightController|debouncer:debouncer_sw23|d_FF:first|enabledSRLatch:masterLatch                                                        ; work         ;
;          |enabledSRLatch:slaveLatch|                               ; 1 (1)             ; 0 (0)        ; 0           ; 0            ; 0       ; 0         ; 0    ; 0            ; |debuggableTrafficLightController|debouncer:debouncer_sw23|d_FF:first|enabledSRLatch:slaveLatch                                                         ; work         ;
;       |d_FF:second|                                                ; 4 (0)             ; 0 (0)        ; 0           ; 0            ; 0       ; 0         ; 0    ; 0            ; |debuggableTrafficLightController|debouncer:debouncer_sw23|d_FF:second                                                                                  ; work         ;
;          |enabledSRLatch:masterLatch|                              ; 3 (3)             ; 0 (0)        ; 0           ; 0            ; 0       ; 0         ; 0    ; 0            ; |debuggableTrafficLightController|debouncer:debouncer_sw23|d_FF:second|enabledSRLatch:masterLatch                                                       ; work         ;
;          |enabledSRLatch:slaveLatch|                               ; 1 (1)             ; 0 (0)        ; 0           ; 0            ; 0       ; 0         ; 0    ; 0            ; |debuggableTrafficLightController|debouncer:debouncer_sw23|d_FF:second|enabledSRLatch:slaveLatch                                                        ; work         ;
;    |trafficLighttopLevel:trafficLighttopLevel_inst|                ; 83 (7)            ; 0 (0)        ; 0           ; 0            ; 0       ; 0         ; 0    ; 0            ; |debuggableTrafficLightController|trafficLighttopLevel:trafficLighttopLevel_inst                                                                        ; work         ;
;       |BCD_to_7Segment:BCD_to_7Segment_inst|                       ; 8 (8)             ; 0 (0)        ; 0           ; 0            ; 0       ; 0         ; 0    ; 0            ; |debuggableTrafficLightController|trafficLighttopLevel:trafficLighttopLevel_inst|BCD_to_7Segment:BCD_to_7Segment_inst                                   ; work         ;
;       |counter_4bit:counter_4bit_MSLTimer|                         ; 13 (2)            ; 0 (0)        ; 0           ; 0            ; 0       ; 0         ; 0    ; 0            ; |debuggableTrafficLightController|trafficLighttopLevel:trafficLighttopLevel_inst|counter_4bit:counter_4bit_MSLTimer                                     ; work         ;
;          |d_FF:FF0|                                                ; 3 (0)             ; 0 (0)        ; 0           ; 0            ; 0       ; 0         ; 0    ; 0            ; |debuggableTrafficLightController|trafficLighttopLevel:trafficLighttopLevel_inst|counter_4bit:counter_4bit_MSLTimer|d_FF:FF0                            ; work         ;
;             |enabledSRLatch:masterLatch|                           ; 1 (1)             ; 0 (0)        ; 0           ; 0            ; 0       ; 0         ; 0    ; 0            ; |debuggableTrafficLightController|trafficLighttopLevel:trafficLighttopLevel_inst|counter_4bit:counter_4bit_MSLTimer|d_FF:FF0|enabledSRLatch:masterLatch ; work         ;
;             |enabledSRLatch:slaveLatch|                            ; 2 (2)             ; 0 (0)        ; 0           ; 0            ; 0       ; 0         ; 0    ; 0            ; |debuggableTrafficLightController|trafficLighttopLevel:trafficLighttopLevel_inst|counter_4bit:counter_4bit_MSLTimer|d_FF:FF0|enabledSRLatch:slaveLatch  ; work         ;
;          |d_FF:FF1|                                                ; 3 (0)             ; 0 (0)        ; 0           ; 0            ; 0       ; 0         ; 0    ; 0            ; |debuggableTrafficLightController|trafficLighttopLevel:trafficLighttopLevel_inst|counter_4bit:counter_4bit_MSLTimer|d_FF:FF1                            ; work         ;
;             |enabledSRLatch:masterLatch|                           ; 2 (2)             ; 0 (0)        ; 0           ; 0            ; 0       ; 0         ; 0    ; 0            ; |debuggableTrafficLightController|trafficLighttopLevel:trafficLighttopLevel_inst|counter_4bit:counter_4bit_MSLTimer|d_FF:FF1|enabledSRLatch:masterLatch ; work         ;
;             |enabledSRLatch:slaveLatch|                            ; 1 (1)             ; 0 (0)        ; 0           ; 0            ; 0       ; 0         ; 0    ; 0            ; |debuggableTrafficLightController|trafficLighttopLevel:trafficLighttopLevel_inst|counter_4bit:counter_4bit_MSLTimer|d_FF:FF1|enabledSRLatch:slaveLatch  ; work         ;
;          |d_FF:FF2|                                                ; 2 (0)             ; 0 (0)        ; 0           ; 0            ; 0       ; 0         ; 0    ; 0            ; |debuggableTrafficLightController|trafficLighttopLevel:trafficLighttopLevel_inst|counter_4bit:counter_4bit_MSLTimer|d_FF:FF2                            ; work         ;
;             |enabledSRLatch:masterLatch|                           ; 1 (1)             ; 0 (0)        ; 0           ; 0            ; 0       ; 0         ; 0    ; 0            ; |debuggableTrafficLightController|trafficLighttopLevel:trafficLighttopLevel_inst|counter_4bit:counter_4bit_MSLTimer|d_FF:FF2|enabledSRLatch:masterLatch ; work         ;
;             |enabledSRLatch:slaveLatch|                            ; 1 (1)             ; 0 (0)        ; 0           ; 0            ; 0       ; 0         ; 0    ; 0            ; |debuggableTrafficLightController|trafficLighttopLevel:trafficLighttopLevel_inst|counter_4bit:counter_4bit_MSLTimer|d_FF:FF2|enabledSRLatch:slaveLatch  ; work         ;
;          |d_FF:FF3|                                                ; 3 (0)             ; 0 (0)        ; 0           ; 0            ; 0       ; 0         ; 0    ; 0            ; |debuggableTrafficLightController|trafficLighttopLevel:trafficLighttopLevel_inst|counter_4bit:counter_4bit_MSLTimer|d_FF:FF3                            ; work         ;
;             |enabledSRLatch:masterLatch|                           ; 2 (2)             ; 0 (0)        ; 0           ; 0            ; 0       ; 0         ; 0    ; 0            ; |debuggableTrafficLightController|trafficLighttopLevel:trafficLighttopLevel_inst|counter_4bit:counter_4bit_MSLTimer|d_FF:FF3|enabledSRLatch:masterLatch ; work         ;
;             |enabledSRLatch:slaveLatch|                            ; 1 (1)             ; 0 (0)        ; 0           ; 0            ; 0       ; 0         ; 0    ; 0            ; |debuggableTrafficLightController|trafficLighttopLevel:trafficLighttopLevel_inst|counter_4bit:counter_4bit_MSLTimer|d_FF:FF3|enabledSRLatch:slaveLatch  ; work         ;
;       |counter_4bit:counter_4bit_MTT|                              ; 12 (2)            ; 0 (0)        ; 0           ; 0            ; 0       ; 0         ; 0    ; 0            ; |debuggableTrafficLightController|trafficLighttopLevel:trafficLighttopLevel_inst|counter_4bit:counter_4bit_MTT                                          ; work         ;
;          |d_FF:FF0|                                                ; 2 (0)             ; 0 (0)        ; 0           ; 0            ; 0       ; 0         ; 0    ; 0            ; |debuggableTrafficLightController|trafficLighttopLevel:trafficLighttopLevel_inst|counter_4bit:counter_4bit_MTT|d_FF:FF0                                 ; work         ;
;             |enabledSRLatch:masterLatch|                           ; 1 (1)             ; 0 (0)        ; 0           ; 0            ; 0       ; 0         ; 0    ; 0            ; |debuggableTrafficLightController|trafficLighttopLevel:trafficLighttopLevel_inst|counter_4bit:counter_4bit_MTT|d_FF:FF0|enabledSRLatch:masterLatch      ; work         ;
;             |enabledSRLatch:slaveLatch|                            ; 1 (1)             ; 0 (0)        ; 0           ; 0            ; 0       ; 0         ; 0    ; 0            ; |debuggableTrafficLightController|trafficLighttopLevel:trafficLighttopLevel_inst|counter_4bit:counter_4bit_MTT|d_FF:FF0|enabledSRLatch:slaveLatch       ; work         ;
;          |d_FF:FF1|                                                ; 3 (0)             ; 0 (0)        ; 0           ; 0            ; 0       ; 0         ; 0    ; 0            ; |debuggableTrafficLightController|trafficLighttopLevel:trafficLighttopLevel_inst|counter_4bit:counter_4bit_MTT|d_FF:FF1                                 ; work         ;
;             |enabledSRLatch:masterLatch|                           ; 2 (2)             ; 0 (0)        ; 0           ; 0            ; 0       ; 0         ; 0    ; 0            ; |debuggableTrafficLightController|trafficLighttopLevel:trafficLighttopLevel_inst|counter_4bit:counter_4bit_MTT|d_FF:FF1|enabledSRLatch:masterLatch      ; work         ;
;             |enabledSRLatch:slaveLatch|                            ; 1 (1)             ; 0 (0)        ; 0           ; 0            ; 0       ; 0         ; 0    ; 0            ; |debuggableTrafficLightController|trafficLighttopLevel:trafficLighttopLevel_inst|counter_4bit:counter_4bit_MTT|d_FF:FF1|enabledSRLatch:slaveLatch       ; work         ;
;          |d_FF:FF2|                                                ; 2 (0)             ; 0 (0)        ; 0           ; 0            ; 0       ; 0         ; 0    ; 0            ; |debuggableTrafficLightController|trafficLighttopLevel:trafficLighttopLevel_inst|counter_4bit:counter_4bit_MTT|d_FF:FF2                                 ; work         ;
;             |enabledSRLatch:masterLatch|                           ; 1 (1)             ; 0 (0)        ; 0           ; 0            ; 0       ; 0         ; 0    ; 0            ; |debuggableTrafficLightController|trafficLighttopLevel:trafficLighttopLevel_inst|counter_4bit:counter_4bit_MTT|d_FF:FF2|enabledSRLatch:masterLatch      ; work         ;
;             |enabledSRLatch:slaveLatch|                            ; 1 (1)             ; 0 (0)        ; 0           ; 0            ; 0       ; 0         ; 0    ; 0            ; |debuggableTrafficLightController|trafficLighttopLevel:trafficLighttopLevel_inst|counter_4bit:counter_4bit_MTT|d_FF:FF2|enabledSRLatch:slaveLatch       ; work         ;
;          |d_FF:FF3|                                                ; 3 (0)             ; 0 (0)        ; 0           ; 0            ; 0       ; 0         ; 0    ; 0            ; |debuggableTrafficLightController|trafficLighttopLevel:trafficLighttopLevel_inst|counter_4bit:counter_4bit_MTT|d_FF:FF3                                 ; work         ;
;             |enabledSRLatch:masterLatch|                           ; 2 (2)             ; 0 (0)        ; 0           ; 0            ; 0       ; 0         ; 0    ; 0            ; |debuggableTrafficLightController|trafficLighttopLevel:trafficLighttopLevel_inst|counter_4bit:counter_4bit_MTT|d_FF:FF3|enabledSRLatch:masterLatch      ; work         ;
;             |enabledSRLatch:slaveLatch|                            ; 1 (1)             ; 0 (0)        ; 0           ; 0            ; 0       ; 0         ; 0    ; 0            ; |debuggableTrafficLightController|trafficLighttopLevel:trafficLighttopLevel_inst|counter_4bit:counter_4bit_MTT|d_FF:FF3|enabledSRLatch:slaveLatch       ; work         ;
;       |counter_4bit:counter_4bit_SSLTimer|                         ; 12 (2)            ; 0 (0)        ; 0           ; 0            ; 0       ; 0         ; 0    ; 0            ; |debuggableTrafficLightController|trafficLighttopLevel:trafficLighttopLevel_inst|counter_4bit:counter_4bit_SSLTimer                                     ; work         ;
;          |d_FF:FF0|                                                ; 2 (0)             ; 0 (0)        ; 0           ; 0            ; 0       ; 0         ; 0    ; 0            ; |debuggableTrafficLightController|trafficLighttopLevel:trafficLighttopLevel_inst|counter_4bit:counter_4bit_SSLTimer|d_FF:FF0                            ; work         ;
;             |enabledSRLatch:masterLatch|                           ; 1 (1)             ; 0 (0)        ; 0           ; 0            ; 0       ; 0         ; 0    ; 0            ; |debuggableTrafficLightController|trafficLighttopLevel:trafficLighttopLevel_inst|counter_4bit:counter_4bit_SSLTimer|d_FF:FF0|enabledSRLatch:masterLatch ; work         ;
;             |enabledSRLatch:slaveLatch|                            ; 1 (1)             ; 0 (0)        ; 0           ; 0            ; 0       ; 0         ; 0    ; 0            ; |debuggableTrafficLightController|trafficLighttopLevel:trafficLighttopLevel_inst|counter_4bit:counter_4bit_SSLTimer|d_FF:FF0|enabledSRLatch:slaveLatch  ; work         ;
;          |d_FF:FF1|                                                ; 3 (0)             ; 0 (0)        ; 0           ; 0            ; 0       ; 0         ; 0    ; 0            ; |debuggableTrafficLightController|trafficLighttopLevel:trafficLighttopLevel_inst|counter_4bit:counter_4bit_SSLTimer|d_FF:FF1                            ; work         ;
;             |enabledSRLatch:masterLatch|                           ; 2 (2)             ; 0 (0)        ; 0           ; 0            ; 0       ; 0         ; 0    ; 0            ; |debuggableTrafficLightController|trafficLighttopLevel:trafficLighttopLevel_inst|counter_4bit:counter_4bit_SSLTimer|d_FF:FF1|enabledSRLatch:masterLatch ; work         ;
;             |enabledSRLatch:slaveLatch|                            ; 1 (1)             ; 0 (0)        ; 0           ; 0            ; 0       ; 0         ; 0    ; 0            ; |debuggableTrafficLightController|trafficLighttopLevel:trafficLighttopLevel_inst|counter_4bit:counter_4bit_SSLTimer|d_FF:FF1|enabledSRLatch:slaveLatch  ; work         ;
;          |d_FF:FF2|                                                ; 2 (0)             ; 0 (0)        ; 0           ; 0            ; 0       ; 0         ; 0    ; 0            ; |debuggableTrafficLightController|trafficLighttopLevel:trafficLighttopLevel_inst|counter_4bit:counter_4bit_SSLTimer|d_FF:FF2                            ; work         ;
;             |enabledSRLatch:masterLatch|                           ; 1 (1)             ; 0 (0)        ; 0           ; 0            ; 0       ; 0         ; 0    ; 0            ; |debuggableTrafficLightController|trafficLighttopLevel:trafficLighttopLevel_inst|counter_4bit:counter_4bit_SSLTimer|d_FF:FF2|enabledSRLatch:masterLatch ; work         ;
;             |enabledSRLatch:slaveLatch|                            ; 1 (1)             ; 0 (0)        ; 0           ; 0            ; 0       ; 0         ; 0    ; 0            ; |debuggableTrafficLightController|trafficLighttopLevel:trafficLighttopLevel_inst|counter_4bit:counter_4bit_SSLTimer|d_FF:FF2|enabledSRLatch:slaveLatch  ; work         ;
;          |d_FF:FF3|                                                ; 3 (0)             ; 0 (0)        ; 0           ; 0            ; 0       ; 0         ; 0    ; 0            ; |debuggableTrafficLightController|trafficLighttopLevel:trafficLighttopLevel_inst|counter_4bit:counter_4bit_SSLTimer|d_FF:FF3                            ; work         ;
;             |enabledSRLatch:masterLatch|                           ; 2 (2)             ; 0 (0)        ; 0           ; 0            ; 0       ; 0         ; 0    ; 0            ; |debuggableTrafficLightController|trafficLighttopLevel:trafficLighttopLevel_inst|counter_4bit:counter_4bit_SSLTimer|d_FF:FF3|enabledSRLatch:masterLatch ; work         ;
;             |enabledSRLatch:slaveLatch|                            ; 1 (1)             ; 0 (0)        ; 0           ; 0            ; 0       ; 0         ; 0    ; 0            ; |debuggableTrafficLightController|trafficLighttopLevel:trafficLighttopLevel_inst|counter_4bit:counter_4bit_SSLTimer|d_FF:FF3|enabledSRLatch:slaveLatch  ; work         ;
;       |counter_4bit:counter_4bit_SST|                              ; 12 (2)            ; 0 (0)        ; 0           ; 0            ; 0       ; 0         ; 0    ; 0            ; |debuggableTrafficLightController|trafficLighttopLevel:trafficLighttopLevel_inst|counter_4bit:counter_4bit_SST                                          ; work         ;
;          |d_FF:FF0|                                                ; 2 (0)             ; 0 (0)        ; 0           ; 0            ; 0       ; 0         ; 0    ; 0            ; |debuggableTrafficLightController|trafficLighttopLevel:trafficLighttopLevel_inst|counter_4bit:counter_4bit_SST|d_FF:FF0                                 ; work         ;
;             |enabledSRLatch:masterLatch|                           ; 1 (1)             ; 0 (0)        ; 0           ; 0            ; 0       ; 0         ; 0    ; 0            ; |debuggableTrafficLightController|trafficLighttopLevel:trafficLighttopLevel_inst|counter_4bit:counter_4bit_SST|d_FF:FF0|enabledSRLatch:masterLatch      ; work         ;
;             |enabledSRLatch:slaveLatch|                            ; 1 (1)             ; 0 (0)        ; 0           ; 0            ; 0       ; 0         ; 0    ; 0            ; |debuggableTrafficLightController|trafficLighttopLevel:trafficLighttopLevel_inst|counter_4bit:counter_4bit_SST|d_FF:FF0|enabledSRLatch:slaveLatch       ; work         ;
;          |d_FF:FF1|                                                ; 3 (0)             ; 0 (0)        ; 0           ; 0            ; 0       ; 0         ; 0    ; 0            ; |debuggableTrafficLightController|trafficLighttopLevel:trafficLighttopLevel_inst|counter_4bit:counter_4bit_SST|d_FF:FF1                                 ; work         ;
;             |enabledSRLatch:masterLatch|                           ; 2 (2)             ; 0 (0)        ; 0           ; 0            ; 0       ; 0         ; 0    ; 0            ; |debuggableTrafficLightController|trafficLighttopLevel:trafficLighttopLevel_inst|counter_4bit:counter_4bit_SST|d_FF:FF1|enabledSRLatch:masterLatch      ; work         ;
;             |enabledSRLatch:slaveLatch|                            ; 1 (1)             ; 0 (0)        ; 0           ; 0            ; 0       ; 0         ; 0    ; 0            ; |debuggableTrafficLightController|trafficLighttopLevel:trafficLighttopLevel_inst|counter_4bit:counter_4bit_SST|d_FF:FF1|enabledSRLatch:slaveLatch       ; work         ;
;          |d_FF:FF2|                                                ; 2 (0)             ; 0 (0)        ; 0           ; 0            ; 0       ; 0         ; 0    ; 0            ; |debuggableTrafficLightController|trafficLighttopLevel:trafficLighttopLevel_inst|counter_4bit:counter_4bit_SST|d_FF:FF2                                 ; work         ;
;             |enabledSRLatch:masterLatch|                           ; 1 (1)             ; 0 (0)        ; 0           ; 0            ; 0       ; 0         ; 0    ; 0            ; |debuggableTrafficLightController|trafficLighttopLevel:trafficLighttopLevel_inst|counter_4bit:counter_4bit_SST|d_FF:FF2|enabledSRLatch:masterLatch      ; work         ;
;             |enabledSRLatch:slaveLatch|                            ; 1 (1)             ; 0 (0)        ; 0           ; 0            ; 0       ; 0         ; 0    ; 0            ; |debuggableTrafficLightController|trafficLighttopLevel:trafficLighttopLevel_inst|counter_4bit:counter_4bit_SST|d_FF:FF2|enabledSRLatch:slaveLatch       ; work         ;
;          |d_FF:FF3|                                                ; 3 (0)             ; 0 (0)        ; 0           ; 0            ; 0       ; 0         ; 0    ; 0            ; |debuggableTrafficLightController|trafficLighttopLevel:trafficLighttopLevel_inst|counter_4bit:counter_4bit_SST|d_FF:FF3                                 ; work         ;
;             |enabledSRLatch:masterLatch|                           ; 2 (2)             ; 0 (0)        ; 0           ; 0            ; 0       ; 0         ; 0    ; 0            ; |debuggableTrafficLightController|trafficLighttopLevel:trafficLighttopLevel_inst|counter_4bit:counter_4bit_SST|d_FF:FF3|enabledSRLatch:masterLatch      ; work         ;
;             |enabledSRLatch:slaveLatch|                            ; 1 (1)             ; 0 (0)        ; 0           ; 0            ; 0       ; 0         ; 0    ; 0            ; |debuggableTrafficLightController|trafficLighttopLevel:trafficLighttopLevel_inst|counter_4bit:counter_4bit_SST|d_FF:FF3|enabledSRLatch:slaveLatch       ; work         ;
;       |d_FF:d_FF_MSTL_High|                                        ; 4 (0)             ; 0 (0)        ; 0           ; 0            ; 0       ; 0         ; 0    ; 0            ; |debuggableTrafficLightController|trafficLighttopLevel:trafficLighttopLevel_inst|d_FF:d_FF_MSTL_High                                                    ; work         ;
;          |enabledSRLatch:masterLatch|                              ; 3 (3)             ; 0 (0)        ; 0           ; 0            ; 0       ; 0         ; 0    ; 0            ; |debuggableTrafficLightController|trafficLighttopLevel:trafficLighttopLevel_inst|d_FF:d_FF_MSTL_High|enabledSRLatch:masterLatch                         ; work         ;
;          |enabledSRLatch:slaveLatch|                               ; 1 (1)             ; 0 (0)        ; 0           ; 0            ; 0       ; 0         ; 0    ; 0            ; |debuggableTrafficLightController|trafficLighttopLevel:trafficLighttopLevel_inst|d_FF:d_FF_MSTL_High|enabledSRLatch:slaveLatch                          ; work         ;
;       |d_FF:d_FF_MSTL_Low|                                         ; 2 (0)             ; 0 (0)        ; 0           ; 0            ; 0       ; 0         ; 0    ; 0            ; |debuggableTrafficLightController|trafficLighttopLevel:trafficLighttopLevel_inst|d_FF:d_FF_MSTL_Low                                                     ; work         ;
;          |enabledSRLatch:masterLatch|                              ; 1 (1)             ; 0 (0)        ; 0           ; 0            ; 0       ; 0         ; 0    ; 0            ; |debuggableTrafficLightController|trafficLighttopLevel:trafficLighttopLevel_inst|d_FF:d_FF_MSTL_Low|enabledSRLatch:masterLatch                          ; work         ;
;          |enabledSRLatch:slaveLatch|                               ; 1 (1)             ; 0 (0)        ; 0           ; 0            ; 0       ; 0         ; 0    ; 0            ; |debuggableTrafficLightController|trafficLighttopLevel:trafficLighttopLevel_inst|d_FF:d_FF_MSTL_Low|enabledSRLatch:slaveLatch                           ; work         ;
;       |d_FF:d_FF_SSTL_High|                                        ; 2 (0)             ; 0 (0)        ; 0           ; 0            ; 0       ; 0         ; 0    ; 0            ; |debuggableTrafficLightController|trafficLighttopLevel:trafficLighttopLevel_inst|d_FF:d_FF_SSTL_High                                                    ; work         ;
;          |enabledSRLatch:masterLatch|                              ; 1 (1)             ; 0 (0)        ; 0           ; 0            ; 0       ; 0         ; 0    ; 0            ; |debuggableTrafficLightController|trafficLighttopLevel:trafficLighttopLevel_inst|d_FF:d_FF_SSTL_High|enabledSRLatch:masterLatch                         ; work         ;
;          |enabledSRLatch:slaveLatch|                               ; 1 (1)             ; 0 (0)        ; 0           ; 0            ; 0       ; 0         ; 0    ; 0            ; |debuggableTrafficLightController|trafficLighttopLevel:trafficLighttopLevel_inst|d_FF:d_FF_SSTL_High|enabledSRLatch:slaveLatch                          ; work         ;
;       |d_FF:d_FF_SSTL_Low|                                         ; 4 (0)             ; 0 (0)        ; 0           ; 0            ; 0       ; 0         ; 0    ; 0            ; |debuggableTrafficLightController|trafficLighttopLevel:trafficLighttopLevel_inst|d_FF:d_FF_SSTL_Low                                                     ; work         ;
;          |enabledSRLatch:masterLatch|                              ; 3 (3)             ; 0 (0)        ; 0           ; 0            ; 0       ; 0         ; 0    ; 0            ; |debuggableTrafficLightController|trafficLighttopLevel:trafficLighttopLevel_inst|d_FF:d_FF_SSTL_Low|enabledSRLatch:masterLatch                          ; work         ;
;          |enabledSRLatch:slaveLatch|                               ; 1 (1)             ; 0 (0)        ; 0           ; 0            ; 0       ; 0         ; 0    ; 0            ; |debuggableTrafficLightController|trafficLighttopLevel:trafficLighttopLevel_inst|d_FF:d_FF_SSTL_Low|enabledSRLatch:slaveLatch                           ; work         ;
;       |equality_Comparator_4bit:equality_Comparator_4bit_SSLT_SSC| ; 7 (7)             ; 0 (0)        ; 0           ; 0            ; 0       ; 0         ; 0    ; 0            ; |debuggableTrafficLightController|trafficLighttopLevel:trafficLighttopLevel_inst|equality_Comparator_4bit:equality_Comparator_4bit_SSLT_SSC             ; work         ;
+--------------------------------------------------------------------+-------------------+--------------+-------------+--------------+---------+-----------+------+--------------+---------------------------------------------------------------------------------------------------------------------------------------------------------+--------------+
Note: For table entries with two numbers listed, the numbers in parentheses indicate the number of resources of the given type used by the specific entity alone. The numbers listed outside of parentheses indicate the total resources of the given type used by the specific entity and all of its sub-entities in the hierarchy.


+----------------------------------------------------------------------------------------------------------------------------------+
; Logic Cells Representing Combinational Loops                                                                                     ;
+-----------------------------------------------------------------------------------------------------------------------------+----+
; Logic Cell Name                                                                                                             ;    ;
+-----------------------------------------------------------------------------------------------------------------------------+----+
; trafficLighttopLevel:trafficLighttopLevel_inst|counter_4bit:counter_4bit_MSLTimer|d_FF:FF0|enabledSRLatch:slaveLatch|o_q~0  ;    ;
; trafficLighttopLevel:trafficLighttopLevel_inst|counter_4bit:counter_4bit_MTT|d_FF:FF0|enabledSRLatch:slaveLatch|o_q~0       ;    ;
; trafficLighttopLevel:trafficLighttopLevel_inst|counter_4bit:counter_4bit_SSLTimer|d_FF:FF0|enabledSRLatch:slaveLatch|o_q~0  ;    ;
; trafficLighttopLevel:trafficLighttopLevel_inst|counter_4bit:counter_4bit_SST|d_FF:FF0|enabledSRLatch:slaveLatch|o_q~0       ;    ;
; trafficLighttopLevel:trafficLighttopLevel_inst|counter_4bit:counter_4bit_MSLTimer|d_FF:FF2|enabledSRLatch:slaveLatch|o_q~0  ;    ;
; trafficLighttopLevel:trafficLighttopLevel_inst|counter_4bit:counter_4bit_MTT|d_FF:FF2|enabledSRLatch:slaveLatch|o_q~0       ;    ;
; trafficLighttopLevel:trafficLighttopLevel_inst|counter_4bit:counter_4bit_SSLTimer|d_FF:FF2|enabledSRLatch:slaveLatch|o_q~0  ;    ;
; trafficLighttopLevel:trafficLighttopLevel_inst|counter_4bit:counter_4bit_SST|d_FF:FF2|enabledSRLatch:slaveLatch|o_q~0       ;    ;
; trafficLighttopLevel:trafficLighttopLevel_inst|counter_4bit:counter_4bit_MSLTimer|d_FF:FF1|enabledSRLatch:slaveLatch|o_q~0  ;    ;
; trafficLighttopLevel:trafficLighttopLevel_inst|counter_4bit:counter_4bit_MTT|d_FF:FF1|enabledSRLatch:slaveLatch|o_q~0       ;    ;
; trafficLighttopLevel:trafficLighttopLevel_inst|counter_4bit:counter_4bit_SSLTimer|d_FF:FF1|enabledSRLatch:slaveLatch|o_q~0  ;    ;
; trafficLighttopLevel:trafficLighttopLevel_inst|counter_4bit:counter_4bit_SST|d_FF:FF1|enabledSRLatch:slaveLatch|o_q~0       ;    ;
; trafficLighttopLevel:trafficLighttopLevel_inst|counter_4bit:counter_4bit_MSLTimer|d_FF:FF3|enabledSRLatch:slaveLatch|o_q~0  ;    ;
; trafficLighttopLevel:trafficLighttopLevel_inst|counter_4bit:counter_4bit_MTT|d_FF:FF3|enabledSRLatch:slaveLatch|o_q~0       ;    ;
; trafficLighttopLevel:trafficLighttopLevel_inst|counter_4bit:counter_4bit_SSLTimer|d_FF:FF3|enabledSRLatch:slaveLatch|o_q~0  ;    ;
; trafficLighttopLevel:trafficLighttopLevel_inst|counter_4bit:counter_4bit_SST|d_FF:FF3|enabledSRLatch:slaveLatch|o_q~0       ;    ;
; trafficLighttopLevel:trafficLighttopLevel_inst|counter_4bit:counter_4bit_MSLTimer|d_FF:FF0|enabledSRLatch:masterLatch|o_q~0 ;    ;
; trafficLighttopLevel:trafficLighttopLevel_inst|counter_4bit:counter_4bit_MTT|d_FF:FF0|enabledSRLatch:masterLatch|o_q~0      ;    ;
; trafficLighttopLevel:trafficLighttopLevel_inst|counter_4bit:counter_4bit_SSLTimer|d_FF:FF0|enabledSRLatch:masterLatch|o_q~0 ;    ;
; trafficLighttopLevel:trafficLighttopLevel_inst|counter_4bit:counter_4bit_SST|d_FF:FF0|enabledSRLatch:masterLatch|o_q~0      ;    ;
; trafficLighttopLevel:trafficLighttopLevel_inst|counter_4bit:counter_4bit_MSLTimer|d_FF:FF2|enabledSRLatch:masterLatch|o_q~0 ;    ;
; trafficLighttopLevel:trafficLighttopLevel_inst|counter_4bit:counter_4bit_MTT|d_FF:FF2|enabledSRLatch:masterLatch|o_q~0      ;    ;
; trafficLighttopLevel:trafficLighttopLevel_inst|counter_4bit:counter_4bit_SSLTimer|d_FF:FF2|enabledSRLatch:masterLatch|o_q~0 ;    ;
; trafficLighttopLevel:trafficLighttopLevel_inst|counter_4bit:counter_4bit_SST|d_FF:FF2|enabledSRLatch:masterLatch|o_q~0      ;    ;
; trafficLighttopLevel:trafficLighttopLevel_inst|counter_4bit:counter_4bit_MSLTimer|d_FF:FF1|enabledSRLatch:masterLatch|o_q~0 ;    ;
; trafficLighttopLevel:trafficLighttopLevel_inst|counter_4bit:counter_4bit_MTT|d_FF:FF1|enabledSRLatch:masterLatch|o_q~0      ;    ;
; trafficLighttopLevel:trafficLighttopLevel_inst|counter_4bit:counter_4bit_SSLTimer|d_FF:FF1|enabledSRLatch:masterLatch|o_q~0 ;    ;
; trafficLighttopLevel:trafficLighttopLevel_inst|counter_4bit:counter_4bit_SST|d_FF:FF1|enabledSRLatch:masterLatch|o_q~0      ;    ;
; trafficLighttopLevel:trafficLighttopLevel_inst|counter_4bit:counter_4bit_MSLTimer|d_FF:FF3|enabledSRLatch:masterLatch|o_q~0 ;    ;
; trafficLighttopLevel:trafficLighttopLevel_inst|counter_4bit:counter_4bit_MTT|d_FF:FF3|enabledSRLatch:masterLatch|o_q~0      ;    ;
; trafficLighttopLevel:trafficLighttopLevel_inst|counter_4bit:counter_4bit_SSLTimer|d_FF:FF3|enabledSRLatch:masterLatch|o_q~0 ;    ;
; trafficLighttopLevel:trafficLighttopLevel_inst|counter_4bit:counter_4bit_SST|d_FF:FF3|enabledSRLatch:masterLatch|o_q~0      ;    ;
; trafficLighttopLevel:trafficLighttopLevel_inst|d_FF:d_FF_MSTL_High|enabledSRLatch:slaveLatch|o_q~0                          ;    ;
; trafficLighttopLevel:trafficLighttopLevel_inst|d_FF:d_FF_MSTL_Low|enabledSRLatch:slaveLatch|o_q~0                           ;    ;
; trafficLighttopLevel:trafficLighttopLevel_inst|d_FF:d_FF_SSTL_High|enabledSRLatch:slaveLatch|o_q~0                          ;    ;
; trafficLighttopLevel:trafficLighttopLevel_inst|d_FF:d_FF_SSTL_Low|enabledSRLatch:slaveLatch|o_q~0                           ;    ;
; trafficLighttopLevel:trafficLighttopLevel_inst|d_FF:d_FF_MSTL_High|enabledSRLatch:masterLatch|o_q~0                         ;    ;
; trafficLighttopLevel:trafficLighttopLevel_inst|d_FF:d_FF_MSTL_Low|enabledSRLatch:masterLatch|o_q~0                          ;    ;
; trafficLighttopLevel:trafficLighttopLevel_inst|d_FF:d_FF_SSTL_High|enabledSRLatch:masterLatch|o_q~0                         ;    ;
; trafficLighttopLevel:trafficLighttopLevel_inst|d_FF:d_FF_SSTL_Low|enabledSRLatch:masterLatch|o_q~0                          ;    ;
; debouncer:debouncer_sw23|int_debouncedRaw~0                                                                                 ;    ;
; debouncer:debouncer_sw22|int_debouncedRaw~0                                                                                 ;    ;
; debouncer:debouncer_sw21|int_debouncedRaw~0                                                                                 ;    ;
; debouncer:debouncer_sw20|int_debouncedRaw~0                                                                                 ;    ;
; debouncer:debouncer_sw23|d_FF:second|enabledSRLatch:masterLatch|o_q~0                                                       ;    ;
; debouncer:debouncer_sw23|d_FF:second|enabledSRLatch:slaveLatch|int_qBar~0                                                   ;    ;
; debouncer:debouncer_sw23|d_FF:first|enabledSRLatch:slaveLatch|o_q~0                                                         ;    ;
; debouncer:debouncer_sw23|d_FF:first|enabledSRLatch:masterLatch|o_q~0                                                        ;    ;
; debouncer:debouncer_sw22|d_FF:second|enabledSRLatch:masterLatch|o_q~0                                                       ;    ;
; debouncer:debouncer_sw22|d_FF:second|enabledSRLatch:slaveLatch|int_qBar~0                                                   ;    ;
; debouncer:debouncer_sw22|d_FF:first|enabledSRLatch:slaveLatch|o_q~0                                                         ;    ;
; debouncer:debouncer_sw22|d_FF:first|enabledSRLatch:masterLatch|o_q~0                                                        ;    ;
; debouncer:debouncer_sw21|d_FF:second|enabledSRLatch:masterLatch|o_q~0                                                       ;    ;
; debouncer:debouncer_sw21|d_FF:second|enabledSRLatch:slaveLatch|int_qBar~0                                                   ;    ;
; debouncer:debouncer_sw21|d_FF:first|enabledSRLatch:slaveLatch|o_q~0                                                         ;    ;
; debouncer:debouncer_sw21|d_FF:first|enabledSRLatch:masterLatch|o_q~0                                                        ;    ;
; debouncer:debouncer_sw20|d_FF:second|enabledSRLatch:masterLatch|o_q~0                                                       ;    ;
; debouncer:debouncer_sw20|d_FF:second|enabledSRLatch:slaveLatch|int_qBar~0                                                   ;    ;
; debouncer:debouncer_sw20|d_FF:first|enabledSRLatch:slaveLatch|o_q~0                                                         ;    ;
; debouncer:debouncer_sw20|d_FF:first|enabledSRLatch:masterLatch|o_q~0                                                        ;    ;
; Number of logic cells representing combinational loops                                                                      ; 60 ;
+-----------------------------------------------------------------------------------------------------------------------------+----+
Note: All cells listed above may not be present at the end of synthesis due to various synthesis optimizations.


+------------------------------------------------------+
; General Register Statistics                          ;
+----------------------------------------------+-------+
; Statistic                                    ; Value ;
+----------------------------------------------+-------+
; Total registers                              ; 11    ;
; Number of registers using Synchronous Clear  ; 5     ;
; Number of registers using Synchronous Load   ; 0     ;
; Number of registers using Asynchronous Clear ; 0     ;
; Number of registers using Asynchronous Load  ; 0     ;
; Number of registers using Clock Enable       ; 0     ;
; Number of registers using Preset             ; 0     ;
+----------------------------------------------+-------+


+------------------------------------------------------------------------------------------------------------------+
; Port Connectivity Checks: "trafficLighttopLevel:trafficLighttopLevel_inst|d_FF:d_FF_SSTL_Low"                    ;
+--------+--------+----------+-------------------------------------------------------------------------------------+
; Port   ; Type   ; Severity ; Details                                                                             ;
+--------+--------+----------+-------------------------------------------------------------------------------------+
; i_en   ; Input  ; Info     ; Stuck at VCC                                                                        ;
; o_qbar ; Output ; Info     ; Connected to dangling logic. Logic that only feeds a dangling port will be removed. ;
+--------+--------+----------+-------------------------------------------------------------------------------------+


+------------------------------------------------------------------------------------------------------------------+
; Port Connectivity Checks: "trafficLighttopLevel:trafficLighttopLevel_inst|d_FF:d_FF_SSTL_High"                   ;
+--------+--------+----------+-------------------------------------------------------------------------------------+
; Port   ; Type   ; Severity ; Details                                                                             ;
+--------+--------+----------+-------------------------------------------------------------------------------------+
; i_en   ; Input  ; Info     ; Stuck at VCC                                                                        ;
; o_qbar ; Output ; Info     ; Connected to dangling logic. Logic that only feeds a dangling port will be removed. ;
+--------+--------+----------+-------------------------------------------------------------------------------------+


+------------------------------------------------------------------------------------------------------------------+
; Port Connectivity Checks: "trafficLighttopLevel:trafficLighttopLevel_inst|d_FF:d_FF_MSTL_Low"                    ;
+--------+--------+----------+-------------------------------------------------------------------------------------+
; Port   ; Type   ; Severity ; Details                                                                             ;
+--------+--------+----------+-------------------------------------------------------------------------------------+
; i_en   ; Input  ; Info     ; Stuck at VCC                                                                        ;
; o_qbar ; Output ; Info     ; Connected to dangling logic. Logic that only feeds a dangling port will be removed. ;
+--------+--------+----------+-------------------------------------------------------------------------------------+


+------------------------------------------------------------------------------------------------------------------+
; Port Connectivity Checks: "trafficLighttopLevel:trafficLighttopLevel_inst|d_FF:d_FF_MSTL_High"                   ;
+--------+--------+----------+-------------------------------------------------------------------------------------+
; Port   ; Type   ; Severity ; Details                                                                             ;
+--------+--------+----------+-------------------------------------------------------------------------------------+
; i_en   ; Input  ; Info     ; Stuck at VCC                                                                        ;
; o_qbar ; Output ; Info     ; Connected to dangling logic. Logic that only feeds a dangling port will be removed. ;
+--------+--------+----------+-------------------------------------------------------------------------------------+


+---------------------------------------------------------------------------------------------------------------------------------------+
; Port Connectivity Checks: "trafficLighttopLevel:trafficLighttopLevel_inst|equality_Comparator_4bit:equality_Comparator_4bit_SSTT_SST" ;
+---------+-------+----------+----------------------------------------------------------------------------------------------------------+
; Port    ; Type  ; Severity ; Details                                                                                                  ;
+---------+-------+----------+----------------------------------------------------------------------------------------------------------+
; b[2..0] ; Input ; Info     ; Stuck at GND                                                                                             ;
; b[3]    ; Input ; Info     ; Stuck at VCC                                                                                             ;
+---------+-------+----------+----------------------------------------------------------------------------------------------------------+


+----------------------------------------------------------------------------------------------------------+
; Port Connectivity Checks: "trafficLighttopLevel:trafficLighttopLevel_inst|counter_4bit:counter_4bit_SST" ;
+--------+-------+----------+------------------------------------------------------------------------------+
; Port   ; Type  ; Severity ; Details                                                                      ;
+--------+-------+----------+------------------------------------------------------------------------------+
; i_hold ; Input ; Info     ; Stuck at GND                                                                 ;
+--------+-------+----------+------------------------------------------------------------------------------+


+---------------------------------------------------------------------------------------------------------------+
; Port Connectivity Checks: "trafficLighttopLevel:trafficLighttopLevel_inst|counter_4bit:counter_4bit_SSLTimer" ;
+--------+-------+----------+-----------------------------------------------------------------------------------+
; Port   ; Type  ; Severity ; Details                                                                           ;
+--------+-------+----------+-----------------------------------------------------------------------------------+
; i_hold ; Input ; Info     ; Stuck at GND                                                                      ;
+--------+-------+----------+-----------------------------------------------------------------------------------+


+---------------------------------------------------------------------------------------------------------------------------------------+
; Port Connectivity Checks: "trafficLighttopLevel:trafficLighttopLevel_inst|equality_Comparator_4bit:equality_Comparator_4bit_MTTTT_MT" ;
+---------+-------+----------+----------------------------------------------------------------------------------------------------------+
; Port    ; Type  ; Severity ; Details                                                                                                  ;
+---------+-------+----------+----------------------------------------------------------------------------------------------------------+
; b[3..2] ; Input ; Info     ; Stuck at VCC                                                                                             ;
; b[1..0] ; Input ; Info     ; Stuck at GND                                                                                             ;
+---------+-------+----------+----------------------------------------------------------------------------------------------------------+


+----------------------------------------------------------------------------------------------------------+
; Port Connectivity Checks: "trafficLighttopLevel:trafficLighttopLevel_inst|counter_4bit:counter_4bit_MTT" ;
+--------+-------+----------+------------------------------------------------------------------------------+
; Port   ; Type  ; Severity ; Details                                                                      ;
+--------+-------+----------+------------------------------------------------------------------------------+
; i_hold ; Input ; Info     ; Stuck at GND                                                                 ;
+--------+-------+----------+------------------------------------------------------------------------------+


+---------------------------------------------------------------------------------------------------------------------------------------+
; Port Connectivity Checks: "trafficLighttopLevel:trafficLighttopLevel_inst|equality_Comparator_4bit:equality_Comparator_4bit_MSLT_MSC" ;
+---------+--------+----------+---------------------------------------------------------------------------------------------------------+
; Port    ; Type   ; Severity ; Details                                                                                                 ;
+---------+--------+----------+---------------------------------------------------------------------------------------------------------+
; isequal ; Output ; Info     ; Connected to dangling logic. Logic that only feeds a dangling port will be removed.                     ;
+---------+--------+----------+---------------------------------------------------------------------------------------------------------+


+------------------------------------------------------------------------------------------------------------------------+
; Port Connectivity Checks: "trafficLighttopLevel:trafficLighttopLevel_inst|counter_4bit:counter_4bit_MSLTimer|d_FF:FF3" ;
+--------+--------+----------+-------------------------------------------------------------------------------------------+
; Port   ; Type   ; Severity ; Details                                                                                   ;
+--------+--------+----------+-------------------------------------------------------------------------------------------+
; o_qbar ; Output ; Info     ; Connected to dangling logic. Logic that only feeds a dangling port will be removed.       ;
+--------+--------+----------+-------------------------------------------------------------------------------------------+


+------------------------------------------------------------------------------------------------------------------------+
; Port Connectivity Checks: "trafficLighttopLevel:trafficLighttopLevel_inst|counter_4bit:counter_4bit_MSLTimer|d_FF:FF2" ;
+--------+--------+----------+-------------------------------------------------------------------------------------------+
; Port   ; Type   ; Severity ; Details                                                                                   ;
+--------+--------+----------+-------------------------------------------------------------------------------------------+
; o_qbar ; Output ; Info     ; Connected to dangling logic. Logic that only feeds a dangling port will be removed.       ;
+--------+--------+----------+-------------------------------------------------------------------------------------------+


+------------------------------------------------------------------------------------------------------------------------+
; Port Connectivity Checks: "trafficLighttopLevel:trafficLighttopLevel_inst|counter_4bit:counter_4bit_MSLTimer|d_FF:FF1" ;
+--------+--------+----------+-------------------------------------------------------------------------------------------+
; Port   ; Type   ; Severity ; Details                                                                                   ;
+--------+--------+----------+-------------------------------------------------------------------------------------------+
; o_qbar ; Output ; Info     ; Connected to dangling logic. Logic that only feeds a dangling port will be removed.       ;
+--------+--------+----------+-------------------------------------------------------------------------------------------+


+------------------------------------------------------------------------------------------------------------------------+
; Port Connectivity Checks: "trafficLighttopLevel:trafficLighttopLevel_inst|counter_4bit:counter_4bit_MSLTimer|d_FF:FF0" ;
+--------+--------+----------+-------------------------------------------------------------------------------------------+
; Port   ; Type   ; Severity ; Details                                                                                   ;
+--------+--------+----------+-------------------------------------------------------------------------------------------+
; o_qbar ; Output ; Info     ; Connected to dangling logic. Logic that only feeds a dangling port will be removed.       ;
+--------+--------+----------+-------------------------------------------------------------------------------------------+


+---------------------------------------------------------------------------------------------------------------+
; Port Connectivity Checks: "trafficLighttopLevel:trafficLighttopLevel_inst|counter_4bit:counter_4bit_MSLTimer" ;
+--------+-------+----------+-----------------------------------------------------------------------------------+
; Port   ; Type  ; Severity ; Details                                                                           ;
+--------+-------+----------+-----------------------------------------------------------------------------------+
; i_hold ; Input ; Info     ; Stuck at GND                                                                      ;
+--------+-------+----------+-----------------------------------------------------------------------------------+


+----------------------------------------------------------------------------------------------------------------+
; Port Connectivity Checks: "trafficLighttopLevel:trafficLighttopLevel_inst"                                     ;
+------+--------+----------+-------------------------------------------------------------------------------------+
; Port ; Type   ; Severity ; Details                                                                             ;
+------+--------+----------+-------------------------------------------------------------------------------------+
; mstl ; Output ; Info     ; Connected to dangling logic. Logic that only feeds a dangling port will be removed. ;
; sstl ; Output ; Info     ; Connected to dangling logic. Logic that only feeds a dangling port will be removed. ;
+------+--------+----------+-------------------------------------------------------------------------------------+


+-----------------------------------------------------------------------------------------------------------------------+
; Port Connectivity Checks: "clk_div:clk_div_inst"                                                                      ;
+-------------+--------+----------+-------------------------------------------------------------------------------------+
; Port        ; Type   ; Severity ; Details                                                                             ;
+-------------+--------+----------+-------------------------------------------------------------------------------------+
; clock_1mhz  ; Output ; Info     ; Connected to dangling logic. Logic that only feeds a dangling port will be removed. ;
; clock_10khz ; Output ; Info     ; Connected to dangling logic. Logic that only feeds a dangling port will be removed. ;
; clock_1khz  ; Output ; Info     ; Connected to dangling logic. Logic that only feeds a dangling port will be removed. ;
; clock_100hz ; Output ; Info     ; Connected to dangling logic. Logic that only feeds a dangling port will be removed. ;
; clock_10hz  ; Output ; Info     ; Connected to dangling logic. Logic that only feeds a dangling port will be removed. ;
; clock_1hz   ; Output ; Info     ; Connected to dangling logic. Logic that only feeds a dangling port will be removed. ;
+-------------+--------+----------+-------------------------------------------------------------------------------------+


+------------------------------------------------------------------+
; Port Connectivity Checks: "debouncer:debouncer_SCSS|d_FF:second" ;
+------+-------+----------+----------------------------------------+
; Port ; Type  ; Severity ; Details                                ;
+------+-------+----------+----------------------------------------+
; i_en ; Input ; Info     ; Stuck at VCC                           ;
+------+-------+----------+----------------------------------------+


+----------------------------------------------------------------------------------------------------+
; Port Connectivity Checks: "debouncer:debouncer_SCSS|d_FF:first|mux_2to1_1bit:mux_2to1_1bit_decide" ;
+------+-------+----------+--------------------------------------------------------------------------+
; Port ; Type  ; Severity ; Details                                                                  ;
+------+-------+----------+--------------------------------------------------------------------------+
; d1   ; Input ; Info     ; Stuck at GND                                                             ;
+------+-------+----------+--------------------------------------------------------------------------+


+----------------------------------------------------------------------------------------------------------------+
; Port Connectivity Checks: "debouncer:debouncer_SCSS|d_FF:first"                                                ;
+------+--------+----------+-------------------------------------------------------------------------------------+
; Port ; Type   ; Severity ; Details                                                                             ;
+------+--------+----------+-------------------------------------------------------------------------------------+
; i_en ; Input  ; Info     ; Stuck at VCC                                                                        ;
; o_q  ; Output ; Info     ; Connected to dangling logic. Logic that only feeds a dangling port will be removed. ;
+------+--------+----------+-------------------------------------------------------------------------------------+


+-------------------------------+
; Elapsed Time Per Partition    ;
+----------------+--------------+
; Partition Name ; Elapsed Time ;
+----------------+--------------+
; Top            ; 00:00:00     ;
+----------------+--------------+


+-------------------------------+
; Analysis & Synthesis Messages ;
+-------------------------------+
Info: *******************************************************************
Info: Running Quartus II 64-Bit Analysis & Synthesis
    Info: Version 13.1.0 Build 162 10/23/2013 SJ Web Edition
    Info: Processing started: Sat Nov 02 18:44:51 2024
Info: Command: quartus_map --read_settings_files=on --write_settings_files=off CEG3155Project -c CEG3155Project
Warning (20028): Parallel compilation is not licensed and has been disabled
Info (12021): Found 2 design units, including 1 entities, in source file trafficlighttoplevel.vhd
    Info (12022): Found design unit 1: trafficLighttopLevel-basic
    Info (12023): Found entity 1: trafficLighttopLevel
Info (12021): Found 2 design units, including 1 entities, in source file mux_4to1_1bit.vhd
    Info (12022): Found design unit 1: mux_4to1_1bit-structural
    Info (12023): Found entity 1: mux_4to1_1bit
Info (12021): Found 2 design units, including 1 entities, in source file mux_2to1_4bit.vhd
    Info (12022): Found design unit 1: mux_2to1_4bit-structural
    Info (12023): Found entity 1: mux_2to1_4bit
Info (12021): Found 2 design units, including 1 entities, in source file mux_2to1_2bit.vhd
    Info (12022): Found design unit 1: mux_2to1_2bit-structural
    Info (12023): Found entity 1: mux_2to1_2bit
Info (12021): Found 2 design units, including 1 entities, in source file mux_2to1_1bit.vhd
    Info (12022): Found design unit 1: mux_2to1_1bit-structural
    Info (12023): Found entity 1: mux_2to1_1bit
Info (12021): Found 2 design units, including 1 entities, in source file equality_comparator_4bit.vhd
    Info (12022): Found design unit 1: equality_Comparator_4bit-basic
    Info (12023): Found entity 1: equality_Comparator_4bit
Info (12021): Found 2 design units, including 1 entities, in source file enabledsrlatch.vhd
    Info (12022): Found design unit 1: enabledSRLatch-rtl
    Info (12023): Found entity 1: enabledSRLatch
Info (12021): Found 2 design units, including 1 entities, in source file dff_8bit.vhd
    Info (12022): Found design unit 1: dFF_8bit-rtl
    Info (12023): Found entity 1: dFF_8bit
Info (12021): Found 2 design units, including 1 entities, in source file d_ff.vhd
    Info (12022): Found design unit 1: d_FF-rtl
    Info (12023): Found entity 1: d_FF
Info (12021): Found 2 design units, including 1 entities, in source file counter_4bit.vhd
    Info (12022): Found design unit 1: counter_4bit-Structural
    Info (12023): Found entity 1: counter_4bit
Info (12021): Found 2 design units, including 1 entities, in source file bcd_to_7segment.vhd
    Info (12022): Found design unit 1: BCD_to_7Segment-Structural
    Info (12023): Found entity 1: BCD_to_7Segment
Info (12021): Found 2 design units, including 1 entities, in source file clk_div.vhd
    Info (12022): Found design unit 1: clk_div-a
    Info (12023): Found entity 1: clk_div
Info (12021): Found 2 design units, including 1 entities, in source file debouncer.vhd
    Info (12022): Found design unit 1: debouncer-rtl
    Info (12023): Found entity 1: debouncer
Info (12021): Found 2 design units, including 1 entities, in source file debuggabletrafficlightcontroller.vhd
    Info (12022): Found design unit 1: debuggableTrafficLightController-basic
    Info (12023): Found entity 1: debuggableTrafficLightController
Info (12127): Elaborating entity "debuggableTrafficLightController" for the top level hierarchy
Warning (10541): VHDL Signal Declaration warning at debuggableTrafficLightController.vhd(8): used implicit default value for signal "TxD" because signal was never assigned a value or an explicit default value. Use of implicit default value may introduce unintended design optimizations.
Warning (10541): VHDL Signal Declaration warning at debuggableTrafficLightController.vhd(9): used implicit default value for signal "MSTL" because signal was never assigned a value or an explicit default value. Use of implicit default value may introduce unintended design optimizations.
Warning (10541): VHDL Signal Declaration warning at debuggableTrafficLightController.vhd(9): used implicit default value for signal "SSTL" because signal was never assigned a value or an explicit default value. Use of implicit default value may introduce unintended design optimizations.
Warning (10036): Verilog HDL or VHDL warning at debuggableTrafficLightController.vhd(58): object "transitoryMSTL" assigned a value but never read
Warning (10036): Verilog HDL or VHDL warning at debuggableTrafficLightController.vhd(58): object "transitorySSTL" assigned a value but never read
Info (12128): Elaborating entity "debouncer" for hierarchy "debouncer:debouncer_SCSS"
Warning (10036): Verilog HDL or VHDL warning at debouncer.vhd(14): object "int_q1Output" assigned a value but never read
Info (12128): Elaborating entity "d_FF" for hierarchy "debouncer:debouncer_SCSS|d_FF:first"
Info (12128): Elaborating entity "mux_2to1_1bit" for hierarchy "debouncer:debouncer_SCSS|d_FF:first|mux_2to1_1bit:mux_2to1_1bit_decide"
Info (12128): Elaborating entity "enabledSRLatch" for hierarchy "debouncer:debouncer_SCSS|d_FF:first|enabledSRLatch:masterLatch"
Info (12128): Elaborating entity "clk_div" for hierarchy "clk_div:clk_div_inst"
Info (12128): Elaborating entity "trafficLighttopLevel" for hierarchy "trafficLighttopLevel:trafficLighttopLevel_inst"
Warning (10036): Verilog HDL or VHDL warning at trafficLighttopLevel.vhd(89): object "MSTLIsRed" assigned a value but never read
Warning (10541): VHDL Signal Declaration warning at trafficLighttopLevel.vhd(96): used implicit default value for signal "debouncedSSCS" because signal was never assigned a value or an explicit default value. Use of implicit default value may introduce unintended design optimizations.
Info (12128): Elaborating entity "counter_4bit" for hierarchy "trafficLighttopLevel:trafficLighttopLevel_inst|counter_4bit:counter_4bit_MSLTimer"
Info (12128): Elaborating entity "mux_2to1_4bit" for hierarchy "trafficLighttopLevel:trafficLighttopLevel_inst|counter_4bit:counter_4bit_MSLTimer|mux_2to1_4bit:mux_2to1_4bit_inst"
Info (12128): Elaborating entity "equality_Comparator_4bit" for hierarchy "trafficLighttopLevel:trafficLighttopLevel_inst|equality_Comparator_4bit:equality_Comparator_4bit_MSLT_MSC"
Info (12128): Elaborating entity "BCD_to_7Segment" for hierarchy "trafficLighttopLevel:trafficLighttopLevel_inst|BCD_to_7Segment:BCD_to_7Segment_inst"
Warning (13024): Output pins are stuck at VCC or GND
    Warning (13410): Pin "TxD" is stuck at GND
    Warning (13410): Pin "MSTL[0]" is stuck at GND
    Warning (13410): Pin "MSTL[1]" is stuck at GND
    Warning (13410): Pin "MSTL[2]" is stuck at GND
    Warning (13410): Pin "SSTL[0]" is stuck at GND
    Warning (13410): Pin "SSTL[1]" is stuck at GND
    Warning (13410): Pin "SSTL[2]" is stuck at GND
    Warning (13410): Pin "SegmentOut[7]" is stuck at GND
    Warning (13410): Pin "SegmentOut[10]" is stuck at GND
    Warning (13410): Pin "SegmentOut[11]" is stuck at GND
    Warning (13410): Pin "SegmentOut[12]" is stuck at GND
    Warning (13410): Pin "SegmentOut[13]" is stuck at GND
Info (286030): Timing-Driven Synthesis is running
Info (16010): Generating hard_block partition "hard_block:auto_generated_inst"
    Info (16011): Adding 0 node(s), including 0 DDIO, 0 PLL, 0 transceiver and 0 LCELL
Warning (21074): Design contains 6 input pin(s) that do not drive logic
    Warning (15610): No output dependent on input pin "SSCS"
    Warning (15610): No output dependent on input pin "RxD"
    Warning (15610): No output dependent on input pin "SW1[0]"
    Warning (15610): No output dependent on input pin "SW1[1]"
    Warning (15610): No output dependent on input pin "SW1[2]"
    Warning (15610): No output dependent on input pin "SW1[3]"
Info (21057): Implemented 158 device resources after synthesis - the final resource count might be different
    Info (21058): Implemented 13 input pins
    Info (21059): Implemented 21 output pins
    Info (21061): Implemented 124 logic cells
Info: Quartus II 64-Bit Analysis & Synthesis was successful. 0 errors, 29 warnings
    Info: Peak virtual memory: 4672 megabytes
    Info: Processing ended: Sat Nov 02 18:44:52 2024
    Info: Elapsed time: 00:00:01
    Info: Total CPU time (on all processors): 00:00:00


